// Jest Snapshot v1, https://goo.gl/fbAQLP

exports[`Footer.vue snapshot should display the expected html 1`] = `
"<footer class=\\"ontario-main-footer\\"><div class=\\"grid-container\\"><div class=\\"grid-x\\"><div aria-labelledby=\\"ontario-footer-topics\\" class=\\"ontario-main-footer__topic-links-list cell columns show-for-medium large-3 medium-4 medium-order-3\\"><div id=\\"ontario-footer-topics\\" class=\\"ontario-main-footer__subheading\\">  
          footer.topics
        </div> <ul class=\\"ontario-list--no-bullet\\"><li class=\\"ontario-main-footer__topic-link\\"><a></a></li><li class=\\"ontario-main-footer__topic-link\\"><a></a></li><li class=\\"ontario-main-footer__topic-link\\"><a></a></li><li class=\\"ontario-main-footer__topic-link\\"><a></a></li><li class=\\"ontario-main-footer__topic-link\\"><a></a></li><li class=\\"ontario-main-footer__topic-link\\"><a></a></li><li class=\\"ontario-main-footer__topic-link\\"><a></a></li><li class=\\"ontario-main-footer__topic-link\\"><a></a></li></ul></div> <div class=\\"columns large-2 medium-3 medium-order-2 small-order-1\\"></div> <div aria-labelledby=\\"ontario-footer-ministry\\" class=\\"ontario-main-footer__ministry-block cell columns large-7 medium-5 small-12 medium-order-1 small-order-2\\"><div class=\\"grid-x\\"><div class=\\"ontario-main-footer__ministry-photo-container cell large-4\\"><img src=\\"/trillium_10.jpg\\" class=\\"ontario-main-footer__ministry-photo\\"></div> <div class=\\"ontario-main-footer__ministry-tagline cell large-8\\"><div id=\\"ontario-footer-ministry\\" class=\\"ontario-main-footer__ministry-subheading\\">
              ontario
            </div> <p>footer.info</p></div></div> <div class=\\"ontario-main-footer__notice-links ontario-margin--top-double\\"><ul class=\\"ontario-list--inline ontario-list--no-bullet\\"><li class=\\"ontario-main-footer__topic-link\\"><a></a></li><li class=\\"ontario-main-footer__topic-link\\"><a></a></li><li class=\\"ontario-main-footer__topic-link\\"><a></a></li><li class=\\"ontario-main-footer__topic-link\\"><a></a></li><li class=\\"ontario-main-footer__topic-link\\"><a></a></li><li class=\\"ontario-main-footer__topic-link\\"><a></a></li><li class=\\"ontario-main-footer__topic-link\\"><a></a></li><li class=\\"ontario-main-footer__topic-link\\"><a></a></li><li class=\\"ontario-main-footer__topic-link\\"><a></a></li><li class=\\"ontario-main-footer__topic-link\\"><a></a></li><li class=\\"ontario-main-footer__topic-link\\"><a></a></li><li class=\\"ontario-main-footer__topic-link\\"><a></a></li></ul> <small><a href=\\"https://www.ontario.ca/page/copyright-information-c-queens-printer-ontario\\">
              footer.copyright
            </a></small></div></div></div></div></footer>"
`;
