// Jest Snapshot v1, https://goo.gl/fbAQLP

exports[`Page404.vue snapshot should display the expected html 1`] = `"<div><h1>We’re sorry, but we can’t find that page.</h1> <p>Please use the links below or the site search above.</p></div>"`;
