// Jest Snapshot v1, https://goo.gl/fbAQLP

exports[`Search.vue snapshot should display the expected html 1`] = `"<form class=\\"ontario-main-search\\"><input maxlength=\\"1024\\" role=\\"search\\" aria-label=\\"Search\\" type=\\"search\\" class=\\"ontario-main-search__text-entry\\"></form>"`;
