// Jest Snapshot v1, https://goo.gl/fbAQLP

exports[`App.vue snapshot should display the expected html 1`] = `"<div id=\\"App\\"><header-stub></header-stub> <router-view-stub class=\\"grid-container\\"></router-view-stub> <footer-stub></footer-stub></div>"`;
