// Jest Snapshot v1, https://goo.gl/fbAQLP

exports[`NewFlag.vue snapshot should display the expected html 1`] = `"<div class=\\"ontario-grid-cell large-1 large-offset-11 small-2 small-offset-10\\"><p>jobPage.newFlag</p></div>"`;
